PRINC            ID SPONSOR        TYPE DEPT  E TITLE
-------- ---------- -------- ---------- ----- - ------------------------------
PROJECT                        C       DIST        PCT O SUBPROJECT   DIS
------------------------------ - ---------- ---------- - ------------ ---
mmv            1950 mmv               0 05005 1 Assistant Professor
                                      13372        100                C

1 row selected.

PRINC           PCT     CHARGE     AMOUNT    ACCOUNT SERVICE_ID
-------- ---------- ---------- ---------- ---------- ----------
mmv              50       6.64       3.32      56680          1
mmv              10       6.64        .66      74617          1
mmv               5       6.64        .33      75486          1
mmv              10       6.64        .66      75809          1
mmv               5       6.64        .33      76363          1
mmv              10       6.64        .66      80647          1
mmv               5       6.64        .33      81054          1
mmv               5       6.64        .35      81102          1
mmv              50        6.3       3.15      56680          6
mmv              10        6.3        .63      74617          6
mmv               5        6.3        .32      75486          6
mmv              10        6.3        .63      75809          6
mmv               5        6.3        .32      76363          6
mmv              10        6.3        .63      80647          6
mmv               5        6.3        .32      81054          6
mmv               5        6.3         .3      81102          6
mmv              50       4.46       2.23      56680          7
mmv              10       4.46        .45      74617          7
mmv               5       4.46        .22      75486          7
mmv              10       4.46        .45      75809          7
mmv               5       4.46        .22      76363          7
mmv              10       4.46        .45      80647          7
mmv               5       4.46        .22      81054          7
mmv               5       4.46        .22      81102          7
mmv              50      40.39       20.2      56680          8
mmv              10      40.39       4.04      74617          8
mmv               5      40.39       2.02      75486          8
mmv              10      40.39       4.04      75809          8
mmv               5      40.39       2.02      76363          8
mmv              10      40.39       4.04      80647          8
mmv               5      40.39       2.02      81054          8
mmv               5      40.39       2.01      81102          8
mmv              50      12.98       6.49      56680         28
mmv              10      12.98        1.3      74617         28
mmv               5      12.98        .65      75486         28
mmv              10      12.98        1.3      75809         28
mmv               5      12.98        .65      76363         28
mmv              10      12.98        1.3      80647         28
mmv               5      12.98        .65      81054         28
mmv               5      12.98        .64      81102         28
mmv              50      20.56      10.28      56680         46
mmv              10      20.56       2.06      74617         46
mmv               5      20.56       1.03      75486         46
mmv              10      20.56       2.06      75809         46
mmv               5      20.56       1.03      76363         46
mmv              10      20.56       2.06      80647         46
mmv               5      20.56       1.03      81054         46
mmv               5      20.56       1.01      81102         46

48 rows selected.

      DIST    ACCOUNT        PCT       TPCT
---------- ---------- ---------- ----------
     13372      56680         50         50
     13372      74617         10         10
     13372      75486          5          5
     13372      75809         10         10
     13372      76363          5          5
     13372      80647         10         10
     13372      81054          5          5
     13372      81102          5          5

8 rows selected.

